Position: 73, Sequence: XVAQQEQELDIKKNERLWLLDDSKSWWRVR..., Error: Residue s at position 73 is not S/T
Position: 85, Sequence: MAEEVVVVAKFDYVAQQEQELDIKKNERLW..., Error: Residue s at position 85 is not S/T
Position: 21, Sequence: MDWLNVFKDFFSIGKVKRKPsVPDSASPAD..., Error: Residue s at position 21 is not S/T
Position: 85, Sequence: MTEEVTVIAKFDYVAQQEQELDIKKNEKLL..., Error: Residue s at position 85 is not S/T
Position: 725, Sequence: MSLNGRRGSGRPGYYYRLIGRSQLQRQRSR..., Error: Residue s at position 725 is not S/T
Position: 638, Sequence: MASAGGFGQAFWEKRGREGTGQADLTPLPP..., Error: Residue s at position 638 is not S/T
Position: 535, Sequence: MENLRRAVHPNKDNSRRVEHILKLWVIEAK..., Error: Residue s at position 535 is not S/T
Position: 724, Sequence: MSAPGRKSSGRPSYYYRLLRRSRLQRQRSR..., Error: Residue s at position 724 is not S/T
Position: 927, Sequence: MPDSNVQLPDIDPRYCGRNVGKHWETCEFL..., Error: Residue s at position 927 is not S/T
Position: 959, Sequence: MALVTLQRSPTPSAASSSASTSEEVGSDED..., Error: Residue s at position 959 is not S/T
Position: 952, Sequence: MGTHIPSGQLAPLTGTHIPSGQLAPVMGTH..., Error: Residue s at position 952 is not S/T
Position: 361, Sequence: MVMADSVQKPLIRGPVRVGFYDIERTLGKG..., Error: Residue s at position 361 is not S/T
Position: 361, Sequence: MVMADSVQKPQIRGPVRVGFYDIERTLGKG..., Error: Residue s at position 361 is not S/T
Position: 134, Sequence: MDSKESLTPGREENPSSVLAQERGDVMDFY..., Error: Residue s at position 134 is not S/T
Position: 692, Sequence: MPSPRRALPAPGAVVDPRRSGYLLVVSVVV..., Error: Residue s at position 692 is not S/T
Position: 589, Sequence: MKLGFHLIPRLSSIVPESCLLIVVGLLVGG..., Error: Residue s at position 589 is not S/T
Position: 702, Sequence: LCGSSQPGWGASLPPSCVPSLEAAVCDCGL..., Error: Residue s at position 702 is not S/T
Position: 713, Sequence: MIPPWSGICGLSPPRIFPSLLMVVALVGLL..., Error: Residue s at position 713 is not S/T
Position: 145, Sequence: MNGPTLQPPAPQPAAPQPPAPSRGWSEFCE..., Error: Residue s at position 145 is not S/T
Position: 150, Sequence: MNGPTLQPPAPQPAAPQSPAPPRAWSEFCE..., Error: Residue s at position 150 is not S/T
Position: 73, Sequence: XVAQQEQELDIKKNERLWLLDDSKSWWRVR..., Error: Residue s at position 73 is not S/T
Position: 85, Sequence: MAEEVVVVAKFDYVAQQEQELDIKKNERLW..., Error: Residue s at position 85 is not S/T
Position: 21, Sequence: MDWLNVFKDFFSIGKVKRKPsVPDSASPAD..., Error: Residue s at position 21 is not S/T
Position: 85, Sequence: MTEEVTVIAKFDYVAQQEQELDIKKNEKLL..., Error: Residue s at position 85 is not S/T
Position: 725, Sequence: MSLNGRRGSGRPGYYYRLIGRSQLQRQRSR..., Error: Residue s at position 725 is not S/T
Position: 638, Sequence: MASAGGFGQAFWEKRGREGTGQADLTPLPP..., Error: Residue s at position 638 is not S/T
Position: 535, Sequence: MENLRRAVHPNKDNSRRVEHILKLWVIEAK..., Error: Residue s at position 535 is not S/T
Position: 724, Sequence: MSAPGRKSSGRPSYYYRLLRRSRLQRQRSR..., Error: Residue s at position 724 is not S/T
Position: 927, Sequence: MPDSNVQLPDIDPRYCGRNVGKHWETCEFL..., Error: Residue s at position 927 is not S/T
Position: 959, Sequence: MALVTLQRSPTPSAASSSASTSEEVGSDED..., Error: Residue s at position 959 is not S/T
Position: 952, Sequence: MGTHIPSGQLAPLTGTHIPSGQLAPVMGTH..., Error: Residue s at position 952 is not S/T
Position: 361, Sequence: MVMADSVQKPLIRGPVRVGFYDIERTLGKG..., Error: Residue s at position 361 is not S/T
Position: 361, Sequence: MVMADSVQKPQIRGPVRVGFYDIERTLGKG..., Error: Residue s at position 361 is not S/T
Position: 134, Sequence: MDSKESLTPGREENPSSVLAQERGDVMDFY..., Error: Residue s at position 134 is not S/T
Position: 692, Sequence: MPSPRRALPAPGAVVDPRRSGYLLVVSVVV..., Error: Residue s at position 692 is not S/T
Position: 589, Sequence: MKLGFHLIPRLSSIVPESCLLIVVGLLVGG..., Error: Residue s at position 589 is not S/T
Position: 702, Sequence: LCGSSQPGWGASLPPSCVPSLEAAVCDCGL..., Error: Residue s at position 702 is not S/T
Position: 713, Sequence: MIPPWSGICGLSPPRIFPSLLMVVALVGLL..., Error: Residue s at position 713 is not S/T
Position: 145, Sequence: MNGPTLQPPAPQPAAPQPPAPSRGWSEFCE..., Error: Residue s at position 145 is not S/T
Position: 150, Sequence: MNGPTLQPPAPQPAAPQSPAPPRAWSEFCE..., Error: Residue s at position 150 is not S/T
Position: 73, Sequence: XVAQQEQELDIKKNERLWLLDDSKSWWRVR..., Error: Residue s at position 73 is not S/T
Position: 85, Sequence: MAEEVVVVAKFDYVAQQEQELDIKKNERLW..., Error: Residue s at position 85 is not S/T
Position: 21, Sequence: MDWLNVFKDFFSIGKVKRKPsVPDSASPAD..., Error: Residue s at position 21 is not S/T
Position: 85, Sequence: MTEEVTVIAKFDYVAQQEQELDIKKNEKLL..., Error: Residue s at position 85 is not S/T
Position: 725, Sequence: MSLNGRRGSGRPGYYYRLIGRSQLQRQRSR..., Error: Residue s at position 725 is not S/T
Position: 638, Sequence: MASAGGFGQAFWEKRGREGTGQADLTPLPP..., Error: Residue s at position 638 is not S/T
Position: 535, Sequence: MENLRRAVHPNKDNSRRVEHILKLWVIEAK..., Error: Residue s at position 535 is not S/T
Position: 724, Sequence: MSAPGRKSSGRPSYYYRLLRRSRLQRQRSR..., Error: Residue s at position 724 is not S/T
Position: 927, Sequence: MPDSNVQLPDIDPRYCGRNVGKHWETCEFL..., Error: Residue s at position 927 is not S/T
Position: 959, Sequence: MALVTLQRSPTPSAASSSASTSEEVGSDED..., Error: Residue s at position 959 is not S/T
Position: 952, Sequence: MGTHIPSGQLAPLTGTHIPSGQLAPVMGTH..., Error: Residue s at position 952 is not S/T
Position: 361, Sequence: MVMADSVQKPLIRGPVRVGFYDIERTLGKG..., Error: Residue s at position 361 is not S/T
Position: 361, Sequence: MVMADSVQKPQIRGPVRVGFYDIERTLGKG..., Error: Residue s at position 361 is not S/T
Position: 134, Sequence: MDSKESLTPGREENPSSVLAQERGDVMDFY..., Error: Residue s at position 134 is not S/T
Position: 692, Sequence: MPSPRRALPAPGAVVDPRRSGYLLVVSVVV..., Error: Residue s at position 692 is not S/T
Position: 589, Sequence: MKLGFHLIPRLSSIVPESCLLIVVGLLVGG..., Error: Residue s at position 589 is not S/T
Position: 702, Sequence: LCGSSQPGWGASLPPSCVPSLEAAVCDCGL..., Error: Residue s at position 702 is not S/T
Position: 713, Sequence: MIPPWSGICGLSPPRIFPSLLMVVALVGLL..., Error: Residue s at position 713 is not S/T
Position: 145, Sequence: MNGPTLQPPAPQPAAPQPPAPSRGWSEFCE..., Error: Residue s at position 145 is not S/T
Position: 150, Sequence: MNGPTLQPPAPQPAAPQSPAPPRAWSEFCE..., Error: Residue s at position 150 is not S/T
Position: 73, Sequence: XVAQQEQELDIKKNERLWLLDDSKSWWRVR..., Error: Residue s at position 73 is not S/T
Position: 85, Sequence: MAEEVVVVAKFDYVAQQEQELDIKKNERLW..., Error: Residue s at position 85 is not S/T
Position: 21, Sequence: MDWLNVFKDFFSIGKVKRKPsVPDSASPAD..., Error: Residue s at position 21 is not S/T
Position: 85, Sequence: MTEEVTVIAKFDYVAQQEQELDIKKNEKLL..., Error: Residue s at position 85 is not S/T
Position: 725, Sequence: MSLNGRRGSGRPGYYYRLIGRSQLQRQRSR..., Error: Residue s at position 725 is not S/T
Position: 638, Sequence: MASAGGFGQAFWEKRGREGTGQADLTPLPP..., Error: Residue s at position 638 is not S/T
Position: 535, Sequence: MENLRRAVHPNKDNSRRVEHILKLWVIEAK..., Error: Residue s at position 535 is not S/T
Position: 724, Sequence: MSAPGRKSSGRPSYYYRLLRRSRLQRQRSR..., Error: Residue s at position 724 is not S/T
Position: 927, Sequence: MPDSNVQLPDIDPRYCGRNVGKHWETCEFL..., Error: Residue s at position 927 is not S/T
Position: 959, Sequence: MALVTLQRSPTPSAASSSASTSEEVGSDED..., Error: Residue s at position 959 is not S/T
Position: 952, Sequence: MGTHIPSGQLAPLTGTHIPSGQLAPVMGTH..., Error: Residue s at position 952 is not S/T
Position: 361, Sequence: MVMADSVQKPLIRGPVRVGFYDIERTLGKG..., Error: Residue s at position 361 is not S/T
Position: 361, Sequence: MVMADSVQKPQIRGPVRVGFYDIERTLGKG..., Error: Residue s at position 361 is not S/T
Position: 134, Sequence: MDSKESLTPGREENPSSVLAQERGDVMDFY..., Error: Residue s at position 134 is not S/T
Position: 692, Sequence: MPSPRRALPAPGAVVDPRRSGYLLVVSVVV..., Error: Residue s at position 692 is not S/T
Position: 589, Sequence: MKLGFHLIPRLSSIVPESCLLIVVGLLVGG..., Error: Residue s at position 589 is not S/T
Position: 702, Sequence: LCGSSQPGWGASLPPSCVPSLEAAVCDCGL..., Error: Residue s at position 702 is not S/T
Position: 713, Sequence: MIPPWSGICGLSPPRIFPSLLMVVALVGLL..., Error: Residue s at position 713 is not S/T
Position: 145, Sequence: MNGPTLQPPAPQPAAPQPPAPSRGWSEFCE..., Error: Residue s at position 145 is not S/T
Position: 150, Sequence: MNGPTLQPPAPQPAAPQSPAPPRAWSEFCE..., Error: Residue s at position 150 is not S/T
Position: 73, Sequence: XVAQQEQELDIKKNERLWLLDDSKSWWRVR..., Error: Residue s at position 73 is not S/T
Position: 85, Sequence: MAEEVVVVAKFDYVAQQEQELDIKKNERLW..., Error: Residue s at position 85 is not S/T
Position: 21, Sequence: MDWLNVFKDFFSIGKVKRKPsVPDSASPAD..., Error: Residue s at position 21 is not S/T
Position: 85, Sequence: MTEEVTVIAKFDYVAQQEQELDIKKNEKLL..., Error: Residue s at position 85 is not S/T
Position: 725, Sequence: MSLNGRRGSGRPGYYYRLIGRSQLQRQRSR..., Error: Residue s at position 725 is not S/T
Position: 638, Sequence: MASAGGFGQAFWEKRGREGTGQADLTPLPP..., Error: Residue s at position 638 is not S/T
Position: 535, Sequence: MENLRRAVHPNKDNSRRVEHILKLWVIEAK..., Error: Residue s at position 535 is not S/T
Position: 724, Sequence: MSAPGRKSSGRPSYYYRLLRRSRLQRQRSR..., Error: Residue s at position 724 is not S/T
Position: 927, Sequence: MPDSNVQLPDIDPRYCGRNVGKHWETCEFL..., Error: Residue s at position 927 is not S/T
Position: 959, Sequence: MALVTLQRSPTPSAASSSASTSEEVGSDED..., Error: Residue s at position 959 is not S/T
Position: 952, Sequence: MGTHIPSGQLAPLTGTHIPSGQLAPVMGTH..., Error: Residue s at position 952 is not S/T
Position: 361, Sequence: MVMADSVQKPLIRGPVRVGFYDIERTLGKG..., Error: Residue s at position 361 is not S/T
Position: 361, Sequence: MVMADSVQKPQIRGPVRVGFYDIERTLGKG..., Error: Residue s at position 361 is not S/T
Position: 134, Sequence: MDSKESLTPGREENPSSVLAQERGDVMDFY..., Error: Residue s at position 134 is not S/T
Position: 692, Sequence: MPSPRRALPAPGAVVDPRRSGYLLVVSVVV..., Error: Residue s at position 692 is not S/T
Position: 589, Sequence: MKLGFHLIPRLSSIVPESCLLIVVGLLVGG..., Error: Residue s at position 589 is not S/T
Position: 702, Sequence: LCGSSQPGWGASLPPSCVPSLEAAVCDCGL..., Error: Residue s at position 702 is not S/T
Position: 713, Sequence: MIPPWSGICGLSPPRIFPSLLMVVALVGLL..., Error: Residue s at position 713 is not S/T
Position: 145, Sequence: MNGPTLQPPAPQPAAPQPPAPSRGWSEFCE..., Error: Residue s at position 145 is not S/T
Position: 150, Sequence: MNGPTLQPPAPQPAAPQSPAPPRAWSEFCE..., Error: Residue s at position 150 is not S/T
Position: 73, Sequence: XVAQQEQELDIKKNERLWLLDDSKSWWRVR..., Error: Residue s at position 73 is not S/T
Position: 85, Sequence: MAEEVVVVAKFDYVAQQEQELDIKKNERLW..., Error: Residue s at position 85 is not S/T
Position: 21, Sequence: MDWLNVFKDFFSIGKVKRKPsVPDSASPAD..., Error: Residue s at position 21 is not S/T
Position: 85, Sequence: MTEEVTVIAKFDYVAQQEQELDIKKNEKLL..., Error: Residue s at position 85 is not S/T
Position: 725, Sequence: MSLNGRRGSGRPGYYYRLIGRSQLQRQRSR..., Error: Residue s at position 725 is not S/T
Position: 638, Sequence: MASAGGFGQAFWEKRGREGTGQADLTPLPP..., Error: Residue s at position 638 is not S/T
Position: 535, Sequence: MENLRRAVHPNKDNSRRVEHILKLWVIEAK..., Error: Residue s at position 535 is not S/T
Position: 724, Sequence: MSAPGRKSSGRPSYYYRLLRRSRLQRQRSR..., Error: Residue s at position 724 is not S/T
Position: 927, Sequence: MPDSNVQLPDIDPRYCGRNVGKHWETCEFL..., Error: Residue s at position 927 is not S/T
Position: 959, Sequence: MALVTLQRSPTPSAASSSASTSEEVGSDED..., Error: Residue s at position 959 is not S/T
Position: 952, Sequence: MGTHIPSGQLAPLTGTHIPSGQLAPVMGTH..., Error: Residue s at position 952 is not S/T
Position: 361, Sequence: MVMADSVQKPLIRGPVRVGFYDIERTLGKG..., Error: Residue s at position 361 is not S/T
Position: 361, Sequence: MVMADSVQKPQIRGPVRVGFYDIERTLGKG..., Error: Residue s at position 361 is not S/T
Position: 134, Sequence: MDSKESLTPGREENPSSVLAQERGDVMDFY..., Error: Residue s at position 134 is not S/T
Position: 692, Sequence: MPSPRRALPAPGAVVDPRRSGYLLVVSVVV..., Error: Residue s at position 692 is not S/T
Position: 589, Sequence: MKLGFHLIPRLSSIVPESCLLIVVGLLVGG..., Error: Residue s at position 589 is not S/T
Position: 702, Sequence: LCGSSQPGWGASLPPSCVPSLEAAVCDCGL..., Error: Residue s at position 702 is not S/T
Position: 713, Sequence: MIPPWSGICGLSPPRIFPSLLMVVALVGLL..., Error: Residue s at position 713 is not S/T
Position: 145, Sequence: MNGPTLQPPAPQPAAPQPPAPSRGWSEFCE..., Error: Residue s at position 145 is not S/T
Position: 150, Sequence: MNGPTLQPPAPQPAAPQSPAPPRAWSEFCE..., Error: Residue s at position 150 is not S/T
Position: 73, Sequence: XVAQQEQELDIKKNERLWLLDDSKSWWRVR..., Error: Residue s at position 73 is not S/T
Position: 85, Sequence: MAEEVVVVAKFDYVAQQEQELDIKKNERLW..., Error: Residue s at position 85 is not S/T
Position: 21, Sequence: MDWLNVFKDFFSIGKVKRKPsVPDSASPAD..., Error: Residue s at position 21 is not S/T
Position: 85, Sequence: MTEEVTVIAKFDYVAQQEQELDIKKNEKLL..., Error: Residue s at position 85 is not S/T
Position: 725, Sequence: MSLNGRRGSGRPGYYYRLIGRSQLQRQRSR..., Error: Residue s at position 725 is not S/T
Position: 638, Sequence: MASAGGFGQAFWEKRGREGTGQADLTPLPP..., Error: Residue s at position 638 is not S/T
Position: 535, Sequence: MENLRRAVHPNKDNSRRVEHILKLWVIEAK..., Error: Residue s at position 535 is not S/T
Position: 724, Sequence: MSAPGRKSSGRPSYYYRLLRRSRLQRQRSR..., Error: Residue s at position 724 is not S/T
Position: 927, Sequence: MPDSNVQLPDIDPRYCGRNVGKHWETCEFL..., Error: Residue s at position 927 is not S/T
Position: 959, Sequence: MALVTLQRSPTPSAASSSASTSEEVGSDED..., Error: Residue s at position 959 is not S/T
Position: 952, Sequence: MGTHIPSGQLAPLTGTHIPSGQLAPVMGTH..., Error: Residue s at position 952 is not S/T
Position: 361, Sequence: MVMADSVQKPLIRGPVRVGFYDIERTLGKG..., Error: Residue s at position 361 is not S/T
Position: 361, Sequence: MVMADSVQKPQIRGPVRVGFYDIERTLGKG..., Error: Residue s at position 361 is not S/T
Position: 134, Sequence: MDSKESLTPGREENPSSVLAQERGDVMDFY..., Error: Residue s at position 134 is not S/T
Position: 692, Sequence: MPSPRRALPAPGAVVDPRRSGYLLVVSVVV..., Error: Residue s at position 692 is not S/T
Position: 589, Sequence: MKLGFHLIPRLSSIVPESCLLIVVGLLVGG..., Error: Residue s at position 589 is not S/T
Position: 702, Sequence: LCGSSQPGWGASLPPSCVPSLEAAVCDCGL..., Error: Residue s at position 702 is not S/T
Position: 713, Sequence: MIPPWSGICGLSPPRIFPSLLMVVALVGLL..., Error: Residue s at position 713 is not S/T
Position: 145, Sequence: MNGPTLQPPAPQPAAPQPPAPSRGWSEFCE..., Error: Residue s at position 145 is not S/T
Position: 150, Sequence: MNGPTLQPPAPQPAAPQSPAPPRAWSEFCE..., Error: Residue s at position 150 is not S/T
